[    0.00000] nitializing cgroup subsys cpuset
[    0.000000] Initializing cgroup subsys cpu
[    0.000000] Initializing cgroup subsys cpuacct
[    0.000000] Linux version 4.4.0-154-generic (buildd@lgw01-amd64-049) (gcc version 5.4.0 20160609 (Ubuntu 5.4.0-6ubuntu1~16.04.10) ) #181-Ubuntu SMP Tue Jun 25 05:29:03 UTC 2019 (Ubuntu 4.4.0-154.181-generic 4.4.179)
[    0.000000] Command line: BOOT_IMAGE=/boot/vmlinuz-4.4.0-154-generic root=LABEL=cloudimg-rootfs ro console=tty1 console=ttyS0
[    0.000000] KERNEL supported cpus:
[    0.000000]   Intel GenuineIntel
[    0.000000]   AMD AuthenticAMD
[    0.000000]   Centaur CentaurHauls
[    0.000000] x86/fpu: Legacy x87 FPU detected.
[    0.000000] e820: BIOS-provided physical RAM map:
[    0.000000] BIOS-e820: [mem 0x0000000000000000-0x000000000009fbff] usable
[    0.000000] BIOS-e820: [mem 0x000000000009fc00-0x000000000009ffff] reserved
[    0.000000] BIOS-e820: [mem 0x00000000000f0000-0x00000000000fffff] reserved
[    0.000000] BIOS-e820: [mem 0x0000000000100000-0x000000003ffeffff] usable
[    0.000000] BIOS-e820: [mem 0x000000003fff0000-0x000000003fffffff] ACPI data
[    0.000000] BIOS-e8: [mem 0x00000000fec00000-0x000000fec00fff] reserved
[    0.000000] BIOS-e820: [mem 0x00000000fee00000-0x00000000fee00fff] reserved
[    0.000000] BIOS-e820: [mem 0x00000000fffc0000-0x00000000ffffffff] reserved
[    0.000000] NX (Execute Disable) protection: active
[    0.000000] SMBIOS 2.5 present.
[    0.000000] Hypervisor detected: KVM
[    0.000000] e820: last_pfn = 0x3fff0 max_arch_pfn = 0x400000000
[    0.000000] MTRR: Disabled
[    0.000000] x86/PAT: MTRRs disabled, skipping PAT initialization too.
[    0.000000] CPU MTRRs all blank - virtualized system.
[    0.000000] x86/PAT: Configuration [0-7]: WB  WT  UC- UC  WB  WT  UC- UC  
[    0.000000] found SMP MP-table at [mem 0x0009fff0-0x0009ffff] mapped at [ffff88000009fff0]
[    0.000000] Scanning 1 areas for low memory corruption
[    0.000000] RAMDISK: [mem 0x362fa000-0x37174fff]
[    0.00000] ACPI: Early table checksum verification disabled
[    0.000000] ACPI: RSDP 0x00000000000E0000 000024 (v02 VBOX  )
[    0.000000] ACPI: XSDT 0x000000003FFF0030 00003C (v01 VBOX   VBOXXSDT 00000001 ASL 0000001)
[    0.000000] ACPI: FACP 0x000000003FFF00F0 0000F4 (v04 VBOX   VBOXFACP00000001 ASL  00000061)
[    0.000000] ACPI: DSDT 0x000000003FFF0470 0021FF (v02 VBOX   VBOXBIOS 00000002 INTL 20180105)
[    0.000000] ACPI: FACS 0x000000003FFF0200 00004
[    0.000000] ACPI: FACS 0x000000003FFF0200 000040
[    0.000000] ACPI: APIC 0x000000003FFF0240 00005C (v02 VBOX   VBOXAPIC 00000001 ASL  00000061)
[    0.000000] ACPI: SSDT 0x000000003FFF02A0 0001CC (v01 VBOX   VBOXCPUT 00000002 INTL 20180105)
[    0.000000] No NUMA configuration found
[    0.000000] Faking a node at [mem 0x0000000000000000-0x000000003ffeffff]
[    0.000000] NODE_DATA(0) allocated [mem 03ffeb000-0x3ffeffff]
[    0.000000] kvm-clock: Using msrs 4b564d01 and 4b564d00
[    0.000000] kvm-clock: cpu 0, msr 0:3ffe3001, primary cpu clock
[    0.000000] kvm-clock: using sched offset of 5041363797 cycles
[    0.000000] clocksource: kvm-clock: mask: 0xffffffffffffffff max_cycles: 0x1cd42e4dffb, max_idle_ns: 881590591483 ns
[    0.000000] Zone ranges:
[    0.000000]   DMA      [mem 0x0000000000001000-0x000000000ffffff]
[    0.000000   DMA32    [mem 0x0000000001000000-0x000000003ffeffff]
[    0.000000]   Normal   empty
[    0.000000]   Device   empty
[    0.000000] Movable zone start for each node
[    0.000000] Early memory node ranges
[    0.000000]   node   0: [mem 0x0000000000001000-0x000000000009efff]
[    0.00000]   node   0: [mem 0x0000000000100000-0x000000003ffeffff]
[    0.000000] Initmem setup node 0 [mem 0x0000000000001000-0x000000003ffeffff]
[    0.000000] ACPI: PM-Timer IO Port: 0x4008
[    0.000000] IOAPIC[0]: api_id 2, version 32, address 0xfec00000, GSI 0-23
[    0.000000] ACPI: INT_SRC_OVR (bus 0 bus_irq 0 global_irq 2 dfl dfl)
[    0.000000] ACPI: INTSRC_OVR (bus 0 bus_irq 9 global_irq 9 low level)
[    0.000000] UsingACPI (MADT) for SMP configuration information
[    0.000000] smpboot: Allowing 2 CPUs, 0 hotplug CPUs
[    0.000000] PM: Registered nosave memory: [mem 0x00000000-0x00000fff]
[    0.000000] PM: Registered nosave memory: [mem 0x0009f000-0x0009ffff]
[    0.000000] PM: Registered nosave memory: [mem 0x000a0000-0x000effff]
[    0.000000] PM: Registered nosave memory: [mem 0x000f0000-0x000fffff]
[    0.000000] e820: [mem 0x40000000-0xfebfffff] available for PCI devices
[    0.000000] Booting paravirtualized kernel on KVM
[    0.000000] clocksource: refined-jiffies: mask: 0xffffffff max_cycles: 0xffffffff, max_idle_ns: 7645519600211568 ns
[    0.000000] setup_percpu: NR_CPUS:512 nr_cpumask_bits:512 nr_cpu_ids:2 nr_node_ids:1
[    0.000000] PERCPU: Embedded 34 pages/cpu @ffff88003fc00000 s99480 r8192 d31592 u1048576
[    0.000000] Built 1 zonelists in Node order, mobility grouping on.  Total pages: 257912
[    0.000000] Policy zone: DMA32
[    0.000000] Kernel command line: BOOT_IMAGE=/boot/vmlinuz-4.4.0-154-generic root=LABEL=cloudimg-rootfs ro console=tty1 console=ttyS0
[    0.000000] PID hash table entries: 4096 (order: 3, 32768 bytes)
[    0.000000] Memory: 997732K/1048120K available (8613K kernel code, 1335K rwdata, 4028K rodata, 1484K init, 1284K bss, 50388K reserved, 0K cma-reserved)
[    0.000000] SLUB: HWalign=64, Order=0-3, MinObjects=0, CPUs=2, Nodes=1
[    0.000000] Kernel/User page tables isolation: enabled
[    0.000000] Hierarchical RCU implementation.
[    0.000000] 	Build-time adjustment of leaf fanout to 64.
[    0.000000] 	RCU restricting CPUs from NR_CPUS=512 to nr_cpu_ids=2.
[    0.000000] RCU: Adjusting geometry for rcu_fanout_leaf=64, nr_cpu_ids=2
[    0.000000] NR_IRQS:33024 nr_irqs:440 16
[    0.000000] Console: colour VGA+ 80x25
[    0.000000] console [tty1] enabled
[    0.000000] console [ttyS0] enabled
[    0.000000] tsc: Detected 2992.480 MHz processor
[    3.601614] Calibrating delay loop (skipped) preset value.. 5984.96 BogoMIPS (lpj=11969920)
[    3.685121] pid_max: default: 32768 minimum: 301
[    3.686668] ACPI: Core revision 20150930
[    3.689368] ACPI: 2 ACPI AML tables successfully acquired and loaded
[    3.691546] Security Framework initialized
[    3.692973] Yama: becoming mindful.
[    3.694338] AppArmor: AppArmor initialized
[    3.695935] Dentry cache hash table entries: 131072 (order: 8, 1048576 bytes)
[    3.698524] Inode-cache hash table entries: 65536 (order: 7, 524288 bytes)
[    3.784420] Mount-cache hash table entries: 2048 (order: 2, 16384 bytes)
[    3.786407] Mountpoint-cache hash table entries: 2048 (order: 2, 16384 bytes)
[    3.829207] Initializing cgroup subsys io
[    3.904506] Initializing cgroup subsys memory
[    3.964545] Initializing cgroup subsys devices
[    4.002889] Initializing cgroup subsys freezer
[    4.006912] Initializing cgroup subsys net_cls
[    4.011047] Initializing cgroup subsys perf_event
[    4.015147] Initializing cgroup subsys net_prio
[    4.018906] Initializing cgroup subsys hugetlb
[    4.022607] Initializing cgroup subsys pids
[    4.026464] mce: CPU supports 0 MCE banks
[    4.030050] Last level iTLB entries: 4KB 128, 2MB 4, 4MB 4
[    4.034046] Last level dTLB entries: 4KB 256, 2MB 0, 4MB 32, 1GB 0
[    4.038582] Spectre V2 : Mitigation: Full generic retpoline
[    4.042566] Spectre V2 : Spectre v2 / SpectreRSB mitigation: Filling RSB on context switch
[    4.048551] Speculative Store Bypass: Vulnerable
[    4.053531] MDS: Vulnerable: Clear CPU buffers attempted, no microcode
[    4.059252] Freeing SMP alternatives memory: 36K
[    4.068873] ftrace: allocating 32299 entries in 127 pages
[    4.142777] smpboot: APIC(0) Converting physical 0 to logical package 0
[    4.195050] smpboot: Max logical packages: 1
[    4.252751] x2apic enabled
[    4.254415] Switched APIC routing to physical x2apic.
[    4.327460] ..TIMER: vector=0x30 apic1=0 pin1=2 apic2=-1 pin2=-1
[    4.435447] smpboot: CPU0: Intel(R) Core(TM)2 Duo CPU     E8400  @ 3.00GHz (family: 0x6, model: 0x17, stepping: 0xa)
[    4.439018] Performance Events: unsupported p6 CPU model 23 no PMU driver, software events only.
[    4.540431] KVM setup paravirtual spinlock
[    4.614093] x86: Booting SMP configuration:
[    4.664017] .... node  #0, CPUs:      #1
[    4.715005] kvm-clock: cpu 1, msr 0:3ffe3041, secondary cpu clock
[    4.725907] mce: CPU supports 0 MCE banks
[    4.729123] x86: Booted up 1 node, 2 CPUs
[    4.731022] smpboot: Total of 2 processors activated (11969.92 BogoMIPS)
[    4.734696] devtmpfs: initialized
[    4.738752] evm: security.selinux
[    4.740015] evm: security.SMACK64
[    4.741259] evm: security.SMACK64EXEC
[    4.742593] evm: security.SMACK64TRANSMUTE
[    4.744050] evm: security.SMACK64MMAP
[    4.748871] evm: security.ima
[    4.750046] evm: security.capability
[    4.751548] clocksource: jiffies: mask: 0xffffffff max_cycles: 0xffffffff, max_idle_ns: 7645041785100000 ns
[    4.756422] futex hash table entries: 512 (order: 3, 32768 bytes)
[    4.758448] pinctrl core: initialized pinctrl subsystem
[    4.760301] RTC time: 16:55:02, date: 08/22/19
[    4.762195] NET: Registered protocol family 16
[    4.779610] cpuidle: using governor ladder
[    4.795677] cpuidle: using governor menu
[    4.797180] PCCT header not found.
[    4.798506] ACPI: bus type PCI registered
[    4.799916] acpiphp: ACPI Hot Plug PCI Controller Driver version: 0.5
[    4.801962] PCI: Using configuration type 1 for base access
[    4.820545] ACPI: Added _OSI(Module Device)
[    4.821987] ACPI: Added _OSI(Processor Device)
[    4.823485] ACPI: Added _OSI(3.0 _SCP Extensions)
[    4.880230] ACPI: Added _OSI(Processor Aggregator Device)
[    4.985979] ACPI: Executed 1 blocks of module-level executable AML code
[    5.028883] ACPI: Interpreter enabled
[    5.030218] ACPI: (supports S0 S5)
[    5.090636] ACPI: Using IOAPIC for interrupt routing
[    5.092534] PCI: Using host bridge windows from ACPI; if necessary, use "pci=nocrs" and report a bug
[    5.119318] ACPI: PCI Root Bridge [PCI0] (domain 0000 [bus 00-ff])
[    5.207997] acpi PNP0A03:00: _OSC: OS supports [ASPM ClockPM Segments MSI]
[    5.354265] acpi PNP0A03:00: _OSC: not requesting OS control; OS requires [ExtendedConfig ASPM ClockPM MSI]
[    5.426555] acpi PNP0A03:00: fail to add MMCONFIG information, can't access extended PCI configuration space under this bridge.
[    5.484308] PCI host bridge to bus 0000:00
[    5.485726] pci_bus 0000:00: root bus resource [io  0x0000-0x0cf7 window]
[    5.487729] pci_bus 0000:00: root bus resource [io  0x0d00-0xffff window]
[    5.489715] pci_bus 0000:00: root bus resource [mem 0x000a0000-0x000bffff window]
[    5.492358] pci_bus 0000:00: root bus resource [mem 0x40000000-0xfdffffff window]
[    5.494967] pci_bus 0000:00: root bus resource [bus 00-ff]
[    5.512139] pci 0000:00:01.1: legacy IDE quirk: reg 0x10: [io  0x01f0-0x01f7]
[    5.666267] pci 0000:00:01.1: legacy IDE quirk: reg 0x14: [io  0x03f6]
[    5.774331] pci 0000:00:01.1: legacy IDE quirk: reg 0x18: [io  0x0170-0x0177]
[    5.776405] pci 0000:00:01.1: legacy IDE quirk: reg 0x1c: [io  0x0376]
[    5.801770] pci 0000:00:07.0: quirk: [io  0x4000-0x403f] claimed by PIIX4 ACPI
[    5.809593] pci 0000:00:07.0: quirk: [io  0x4100-0x410f] claimed by PIIX4 SMB
[    5.821676] ACPI: PCI Interrupt Link [LNKA] (IRQs 5 9 10 *11)
[    5.831246] ACPI: PCI Interrupt Link [LNKB] (IRQs 5 9 *10 11)
[    5.833708] ACPI: PCI Interrupt Link [LNKC] (IRQs 5 *9 10 11)
[    5.836182] ACPI: PCI Interrupt Link [LNKD] (IRQs 5 9 10 *11)
[    5.838704] ACPI: Enabled 2 GPEs in block 00 to 07
[    5.863509] vgaarb: setting as boot device: PCI:0000:00:02.0
[    5.865287] vgaarb: device added: PCI:0000:00:02.0,decodes=io+mem,owns=io+mem,locks=none
[    5.870403] vgaarb: loaded
[    5.871524] vgaarb: bridge control possible 0000:00:02.0
[    5.873873] SCSI subsystem initialized
[    5.875676] ACPI: bus type USB registered
[    5.877171] usbcore: registered new interface driver usbfs
[    5.878916] usbcore: registered new interface driver hub
[    5.880637] usbcore: registered new device driver usb
[    5.890853] PCI: Using ACPI for IRQ routing
[    5.893054] NetLabel: Initializing
[    5.894334] NetLabel:  domain hash size = 128
[    5.895807] NetLabel:  protocols = UNLABELED CIPSOv4
[    5.965939] NetLabel:  unlabeled traffic allowed by default
[    5.980880] amd_nb: Cannot enumerate AMD northbridges
[    5.982640] clocksource: Switched to clocksource kvm-clock
[   6.004195] AppArmor: AppArmor Filesystem Enabled
[    6.046235] pnp: PnP ACPI init
[    .048481] pnp: PnP ACPI: found 3 devices

[    6.091153] clocksource: acpi_pm: mask: 0xffffff max_cycles: 0xffffff, max_idle_ns: 2085701024 ns
[    6.094169] NET: Registred protocol family 2

[    6.126010] TCP established hash table entries: 8192 (order: 4, 65536 bytes)
[    6.128163] TCP bind hash table entries: 8192 (order: 5, 131072 bytes)
[    6.130177] TCP: Hash tables configured (established 8192 bind 8192)
[    6.132186] UDP hash table entries: 512 (order: 2, 16384 bytes)
[   6.134061] UDP-Lite hash table entries: 512 (order: 2, 16384 bytes)
[    6.165925] NET: Registered protocol family 1
[    6.167470] pci 0000:00:00.0: Limiting direct PCI/PCI transfers
[    6.169332] pci 0000:00:01.0: Activating ISA DMA hang workarounds
[    6.171474] Unpacking initramfs...
[  6.436122] Freeing initrd memory: 14828K
[    6.496898] clocksource: tsc: mask: 0xffffffffffffffff max_cycles: 0x2b2285792ea, max_idle_ns: 440795280120 ns
[    6.500108] platform rtc_cmos: registered platform RTC device (no PNP device found)
[    6.502858] Scanning for low memory corruption every 60 seconds

[    6.505835] audit: initializing netlink subsys (disabled)
[    6.512851] audit: type=2000 audit(1566492905.891:1): initialized
[    6.515189] Initialise system trusted keyring
[    6.520182] HugeTLB registered 2 MB page size, pre-allocated 0 pages
[    6.524132] zbud: loaded
[    6.525673] VFS: Disk quotas dquot_6.6.0
[    6.527377] VFS: Dquot-cache hash table entries: 512 (order 0, 4096 bytes)
[    6.533835] squashfs: version 4.0 (2009/01/31) Phillip Lougher
[    6.546177] fuse init (API version 7.23)
[    6.547865] Key type big_key registered
[    6.549287] Allocating IMA MOK and blacklist keyrings.
[    6.701838] Key type asymmetric registered
[    6.703355] Asymmetric key parser 'x509' registered
[    6.705027] Block layer SCSI generic (bsg) driver version 0.4 loaded (major 249)
[    6.709483] io scheduler noop registered
[    6.710934] io scheduler deadline registered (default)
[    6.712670] io scheduler cfq registered
[    6.714210] pci_hotplug: PCI Hot Plug PCI Core version: 0.5
[    6.717125] pciehp: PCI Express Hot Plug Controller Driver version: 0.4
[    6.719337] ACPI: AC Adapter [AC] (on-line)
[    6.776801] input: Power Button as /devices/LNXSYSTM:00/LNXPWRBN:00/input/input0
[    6.841416] ACPI: Power Button [PWRF]
[    6.842854] input: Sleep Button as /devices/LNXSYSTM:00/LNXSLPBN:00/input/input1
[    6.845444] ACPI: Sleep Button [SLPF]
[    6.847071] GHES: HEST is not enabled!
[    6.920444] Serial: 8250/16550 driver, 32 ports, IRQ sharing enabled
[    6.945267] 00:02: ttyS0 at I/O 0x3f8 (irq = 4, base_baud = 115200) is a 16550A
[    6.951654] Linux agpgart interface v0.103
[    6.956030] loop: module loaded
[    6.958197] scsi host0: ata_piix
[    6.959747] scsi host1: ata_piix
[    6.961099] ata1: PATA max UDMA/33 cmd 0x1f0 ctl 0x3f6 bmdma 0xd000 irq 14
[    6.963257] ata2: PATA max UDMA/33 cmd 0x170 ctl 0x376 bmdma 0xd008 irq 15
[    6.965869] libphy: Fixed MDIO Bus: probed
[    6.967462] tun: Universal TUN/TAP device driver, 1.6
[    6.969165] tun: (C) 1999-2004 Max Krasnyansky <maxk@qualcomm.com>
[    6.972344] PPP generic driver version 2.4.2
[    6.974075] ehci_hcd: USB 2.0 'Enhanced' Host Controller (EHCI) Driver
[    6.992933] ehci-pci: EHCI PCI platform driver
[    6.994558] ehci-platform: EHCI generic platform driver
[    7.009611] ohci_hcd: USB 1.1 'Open' Host Controller (OHCI) Driver
[    7.011614] ohci-pci: OHCI PCI platform driver
[    7.013205] ohci-platform: OHCI generic platform driver
[    7.079669] uhci_hcd: USB Universal Host Controller Interface driver
[    7.101447] i8042: PNP: PS/2 Controller [PNP0303:PS2K,PNP0f03:PS2M] at 0x60,0x64 irq 1,12
[    7.142193] serio: i8042 KBD port at 0x60,0x64 irq 1
[    7.157291] serio: i8042 AUX port at 0x60,0x64 irq 12
[    7.173406] mousedev: PS/2 mouse device common for all mice
[    7.195137] rtc_cmos rtc_cmos: rtc core: registered rtc_cmos as rtc0
[    7.197586] rtc_cmos rtc_cmos: alarms up to one day, 114 bytes nvram
[    7.199779] i2c /dev entries driver
[    7.201407] input: AT Translated Set 2 keyboard as /devices/platform/i8042/serio0/input/input2
[    7.256119] device-mapper: uevent: version 1.0.3
[    7.257977] device-mapper: ioctl: 4.34.0-ioctl (2015-10-28) initialised: dm-devel@redhat.com
[    7.276066] ledtrig-cpu: registered to indicate activity on CPUs
[    7.278941] NET: Registered protocol family 10
[    7.280894] NET: Registered protocol family 17
[    7.282505] Key type dns_resolver registered
[    7.305859] registered taskstats version 1
[    7.307492] Loading compiled-in X.509 certificates
[    7.310139] Loaded X.509 cert 'Build time autogenerated kernel key: 65139e04a67245b562a838c28b5e7032abdd4348'
[    7.347633] zswap: loaded using pool lzo/zbud
[    7.369795] Key type trusted registered
[    7.412511] Key type encrypted registered
[    7.415089] AppArmor: AppArmor sha1 policy hashing enabled
[    7.418365] ima: No TPM chip found, activating TPM-bypass!
[    7.421600] ima: Allocated hash algorithm: sha1
[    7.426081] evm: HMAC attrs: 0x1
[    7.427956]   Magic number: 15:254:945
[    7.429414] tty tty2: hash matches
[    7.430768] processor cpu0: hash matches
[    7.515283] rtc_cmos rtc_cmos: setting system clock to 2019-08-22 16:55:05 UTC (1566492905)
[    7.518609] BIOS EDD facility v0.16 2004-Jun-25, 0 devices found
[    7.595436] EDD information not available.
[    7.602616] Freeing unused kernel memory: 1484K
[    7.614754] Write protecting the kernel read-only data: 14336k
[    7.639667] Freeing unused kernel memory: 1616K
[    7.645370] Freeing unused kernel memory: 68K
Loading, please wait...
starting version 229
[    7.786594] random: systemd-udevd: uninitialized urandom read (16 bytes read, 3 bits of entropy available)
[    7.793119] random: systemd-udevd: uninitialized urandom read (16 bytes read, 3 bits of entropy available)
[    7.796855] random: udevadm: uninitialized urandom read (16 bytes read, 3 bits of entropy available)
[    7.796980] random: udevadm: uninitialized urandom read (16 bytes read, 3 bits of entropy available)
[    7.808359] random: systemd-udevd: uninitialized urandom read (16 bytes read, 3 bits of entropy available)
[    7.813485] random: systemd-udevd: uninitialized urandom read (16 bytes read, 3 bits of entropy available)
[    7.850699] random: systemd-udevd: uninitialized urandom read (16 bytes read, 3 bits of entropy available)
[    7.856088] random: systemd-udevd: uninitialized urandom read (16 bytes read, 3 bits of entropy available)
[    7.861456] random: systemd-udevd: uninitialized urandom read (16 bytes read, 3 bits of entropy available)
[    7.875963] random: systemd-udevd: uninitialized urandom read (16 bytes read, 3 bits of entropy available)
[    8.248671] Fusion MPT base driver 3.04.20
[    8.251300] Copyright (c) 1999-2008 LSI Corporation
[    8.281990] e1000: Intel(R) PRO/1000 Network Driver - version 7.3.21-k8-NAPI
[    8.285653] e1000: Copyright (c) 1999-2006 Intel Corporation.
[    8.319165] Fusion MPT SPI Host driver 3.04.20
[    8.474825] input: ImExPS/2 Generic Explorer Mouse as /devices/platform/i8042/serio1/input/input4
[    8.986768] e1000 0000:00:03.0 eth0: (PCI:33MHz:32-bit) 02:1e:e5:6d:71:21
[    8.989952] e1000 0000:00:03.0 eth0: Intel(R) PRO/1000 Network Connection
[    8.994600] mptbase: ioc0: Initiating bringup
[    8.997648] e1000 0000:00:03.0 enp0s3: renamed from eth0
[    9.074587] ioc0: LSI53C1030 A0: Capabilities={Initiator}
[   10.068079] scsi host2: ioc0: LSI53C1030 A0, FwRev=00000000h, Ports=1, MaxQ=256, IRQ=20
[   10.963796] scsi 2:0:0:0: Direct-Access     VBOX     HARDDISK         1.0  PQ: 0 ANSI: 5
[   10.967704] scsi target2:0:0: Beginning Domain Validation
[   10.971423] scsi target2:0:0: Domain Validation skipping write tests
[   10.973328] scsi target2:0:0: Ending Domain Validation
[   10.975087] scsi target2:0:0: asynchronous
[   10.976962] scsi 2:0:1:0: Direct-Access     VBOX     HARDDISK         1.0  PQ: 0 ANSI: 5
[   10.979726] scsi target2:0:1: Beginning Domain Validation
[   11.050134] scsi target2:0:1: Domain Validation skipping write tests
[   11.551733] scsi target2:0:1: Ending Domain Validation
[   11.656175] scsi target2:0:1: asynchronous
[   11.671728] sd 2:0:0:0: [sda] 20971520 512-byte logical blocks: (10.7 GB/10.0 GiB)
[   11.676646] sd 2:0:0:0: Attached scsi generic sg0 type 0
[   11.680171] sd 2:0:0:0: [sda] Write Protect is off
[   11.684162] sd 2:0:1:0: [sdb] 20480 512-byte logical blocks: (10.5 MB/10.0 MiB)
[   11.684173] sd 2:0:0:0: [sda] Incomplete mode parameter data
[   11.684174] sd 2:0:0:0: [sda] Assuming drive cache: write through
[   11.690956] sd 2:0:1:0: Attached scsi generic sg1 type 0
[   11.720413] sd 2:0:1:0: [sdb] Write Protect is off
[   11.722248] sd 2:0:1:0: [sdb] Incomplete mode parameter data
[   11.725245] sd 2:0:1:0: [sdb] Assuming drive cache: write through
[   11.744798]  sda: sda1
[   11.747489] sd 2:0:0:0: [sda] Attached SCSI disk
[   11.769276] sd 2:0:1:0: [sdb] Attached SCSI disk
Begin: Loading essential drivers ... [   14.166819] md: linear personality registered for level -1
[   14.193145] md: multipath personality registered for level -4
[   14.225177] md: raid0 personality registered for level 0
[   14.255271] md: raid1 personality registered for level 1
[   14.362477] raid6: sse2x1   gen()  4952 MB/s
[   14.434664] raid6: sse2x1   xor()  4700 MB/s
[   14.502675] raid6: sse2x2   gen()  5709 MB/s
[   14.570678] raid6: sse2x2   xor()  5665 MB/s
[   14.638682] raid6: sse2x4   gen()  8157 MB/s
[   14.710830] raid6: sse2x4   xor()  6381 MB/s
[   14.717721] raid6: using algorithm sse2x4 gen() 8157 MB/s
[   14.720631] raid6: .... xor() 6381 MB/s, rmw enabled
[   14.722470] raid6: using ssse3x2 recovery algorithm
[   14.730808] xor: measuring software checksum speed
[   14.824145]    prefetch64-sse: 28845.000 MB/sec
[   14.924147]    generic_sse: 25419.000 MB/sec
[   14.925881] xor: using function: prefetch64-sse (28845.000 MB/sec)
[   14.930747] async_tx: api initialized (async)
[   14.985654] md: raid6 personality registered for level 6
[   15.001361] md: raid5 personality registered for level 5
[   15.011642] md: raid4 personality registered for level 4
[   15.075406] md: raid10 personality registered for level 10
done.
Begin: Running /scripts/init-premount ... done.
Begin: Mounting root file system ... Begin: Running /scripts/local-top ... done.
Begin: Running /scripts/local-premount ... [   15.287917] Btrfs loaded
Scanning for Btrfs filesystems
done.
Warning: fsck not present, so skipping root file system
[   15.502254] EXT4-fs (sda1): mounted filesystem with ordered data mode. Opts: (null)
done.
Begin: Running /scripts/local-bottom ... done.
Begin: Running /scripts/init-bottom ... done.
[   16.337957] systemd[1]: systemd 229 running in system mode. (+PAM +AUDIT +SELINUX +IMA +APPARMOR +SMACK +SYSVINIT +UTMP +LIBCRYPTSETUP +GCRYPT +GNUTLS +ACL +XZ -LZ4 +SECCOMP +BLKID +ELFUTILS +KMOD -IDN)
[   16.347001] systemd[1]: Detected virtualization oracle.
[   16.351373] systemd[1]: Detected architecture x86-64.

Welcome to [1mUbuntu 16.04.6 LTS[0m!

[   16.409374] systemd[1]: Set hostname to <ubuntu>.
[   16.427818] systemd[1]: Initializing machine ID from random gnerator.
[   16.460562] systemd[1]: Installed transient /etc/machine-id file.

[   16.567869] random: nonblocking pool is initialized
[   17.487237] systemd[1]: Listening on udev Control Socket.
[[0;32m  OK  [0m] Listening on udev Control Socket.
[   17.498851] systemd[1]: Set up automount Arbitrary Executable File Formats File System Automount Point.
[[0;32m  OK  [0m] Set up automount Arbitrary Executab...ats File System Automount Point.
[   17.515163] systemd[1]: Listening on LVM2 metadata daemon socket.
[[0;32m  OK  [0m] Listening on LVM2 metadata daemon socket.
[   17.519420] systemd[1]: Listening on Journal Socket.
[[0;32m  OK  [0m] Listening on Journal Socket.
[   17.528296] systemd[1]: Reached target User and Group Name Lookups.
[[0;32m  OK  [0m] Reached target User and Group Name Lookups.
[   17.532326] systemd[1]: Reached target Encrypted Volumes.
[[0;32m  OK  [0m] Reached target Encrypted Volumes.
[   17.537223] systemd[1]: Listening on Syslog Socket.
[[0;32m  OK  [0m] Listening on Syslog Socket.
[   17.540716] systemd[1]: Reached target System Time Synchronized.
[[0;32m  OK  [0m] Reached target System Time Synchronized.
[   17.555165] systemd[1]: Listening on LVM2 poll daemon socket.
[[0;32m  OK  [0m] Listening on LVM2 poll daemon socket.
[   17.567291] systemd[1]: Listening on Journal Socket (/dev/log).
[[0;32m  OK  [0m] Listening on Journal Socket (/dev/log).
[   17.708100] systemd[1]: Started Trigger resolvconf update for networkd DNS.
[[0;32m  OK  [0m] Started Trigger resolvconf update for networkd DNS.
[   17.723106] systemd[1]: Listening on udev Kernel Socket.
[[0;32m  OK  [0m] Listening on udev Kernel Socket.
[   17.728128] systemd[1]: Created slice System Slice.
[[0;32m  OK  [0m] Created slice System Slice.
[   17.771874] systemd[1]: Starting Remount Root and Kernel File Systems...
         Starting Remount Root and Kernel File Systems...
[   17.782233] systemd[1]: Mounting POSIX Message Queue File System...
         Mounting POSIX Message Queue File System...
[   17.839376] systemd[1]: Mounting Debug File System...
         Mounting Debug File System...
[   17.889491] systemd[1]: Mounting Huge Pages File System...
         Mounting Huge Pages File System...
[   17.898516] EXT4-fs (sda1): re-mounted. Opts: (null)
[   17.919217] systemd[1]: Starting Uncomplicated firewall...
         Starting Uncomplicated firewall...
[   17.969278] systemd[1]: Starting Load Kernel Modules...
         Starting Load Kernel Modules...
[   17.992944] systemd[1]: Starting Nameserver information manager...
         Starting Nameserver information manager...
[   18.034118] systemd[1]: Starting Set console keymap...
         Starting Set console keymap...
[   18.041209] systemd[1]: Listening on Device-mapper event daemon FIFOs.
[[0;32m  OK  [0m] Listening on Device-mapper event daemon FIFOs.
[   18.064534] systemd[1]: Starting Monitoring of LVM2 mirrors, snapshots etc. using dmeventd or progress polling...
         Starting Monitoring of LVM2 mirrors... dmeventd or progress polling...
[   18.085137] systemd[1]: Started Forward Password Requests to Wall Directory Watch.
[   18.094738] Loading iSCSI transport class v2.0-870.
[[0;32m  OK  [0m] Started Forward Password Requests to Wall Directory Watch.
[   18.119089] systemd[1]: Listening on /dev/initctl Compatibility Named Pipe.
[[0;32m  OK  [0m] Listening on /dev/initctl Compatibility Named Pipe.
[   18.128769] systemd[1]: Reached target Swap.
[[0;32m  OK  [0m] Reached target Swap.
[   18.132845] systemd[1]: Listening on Journal Audit Socket.
[[0;32m  OK  [0m] Listening on Journal Audit Socket.
[   18.148369] systemd[1]: Created slice User and Session Slice.
[[0;32m  OK  [0m] Created slice User and Session Slice.
[   18.152481] systemd[1]: Reached target Slices.
[[0;32m  OK  [0m] Reached target Slices.
[   18.171596] iscsi: registered transport (tcp)
[   18.189126] systemd[1]: Starting Create list of required static device nodes for the current kernel...
         Starting Create list of required st... nodes for the current kernel...
[   18.252266] systemd[1]: Starting Journal Service...
         Starting Journal Service...
[   18.284075] systemd[1]: Created slice system-serial\x2dgetty.slice.
[[0;32m  OK  [0m] Created slice system-serial\x2dgetty.slice.
[   18.366821] systemd[1]: Mounted POSIX Message Queue File System.
[[0;32m  OK  [0m] Mounted POSIX Message Queue File System.
[   18.377610] systemd[1]: Mounted Huge Pages File System.
[[0;32m  OK  [0m] Mounted Huge Pages File System.
[   18.391992] systemd[1]: Mounted Debug File System.
[[0;32m  OK  [0m] Mounted Debug[   18.407375] iscsi: registered transport (iser)
 File System.
[   18.423178] systemd[1]: Started Remount Root and Kernel File Systems.
[[0;32m  OK  [0m] Started Remount Root and Kernel File Systems.
[   18.440975] systemd[1]: Started Uncomplicated firewall.
[[0;32m  OK  [0m] Started Uncomplicated firewall.
[   18.449469] systemd[1]: Started Load Kernel Modules.
[[0;32m  OK  [0m] Started Load Kernel Modules.
[   18.487675] systemd[1]: Started Create list of required static device nodes for the current kernel.
[[0;32m  OK  [0m] Started Create list of required sta...ce nodes for the current kernel.
[   18.643837] systemd[1]: Started Nameserver information manager.
[[0;32m  OK  [0m] Started Nameserver information manager.
[   18.668141] systemd[1]: Started Set console keymap.
[[0;32m  OK  [0m] Started Set console keymap.
[   18.683800] systemd[1]: Started Journal Service.
[[0;32m  OK  [0m] Started Journal Service.
[[0;32m  OK  [0m] Started LVM2 metadata daemon.
         Starting Create Static Device Nodes in /dev...
         Starting Apply Kernel Variables...
         Mounting FUSE Control File System...
         Starting Flush Journal to Persistent Storage...
         Starting Load/Save Random Seed...
         Starting udev Coldplug all Devices...
[[0;32m  OK  [0m] Mounted FUSE Control File System.
[[0;32m  OK  [0m] Started Load/Save Random Seed.
[[0;32m  OK  [0m] Started Apply Kernel Variables.
[[0;32m  OK  [0m] Started Create Static Device Nodes in /dev.
[[0;32m  OK  [0m] Started Monitoring of LVM2 mirrors,...ng dmeventd or progress polling.
[[0;32m  OK  [0m] Started Flush Journal to Persistent Storage.
         Starting udev Kernel Device Manager...
[[0;32m  OK  [0m] Reached target Local File Systems (Pre).
[[0;32m  OK  [0m] Reached target Local File Systems.
         Starting Initial cloud-init job (pre-networking)...
         Starting Tell Plymouth To Write Out Runtime Data...
         Starting Create Volatile Files and Directories...
         Starting Commit a transient machine-id on disk...
         Starting LSB: AppArmor initialization...
         Starting Set console font and keymap...
[[0;32m  OK  [0m] Started Tell Plymouth To Write Out Runtime Data.
[[0;32m  OK  [0m] Started Create Volatile Files and Directories.
[[0;32m  OK  [0m] Started Commit a transient machine-id on disk.
         Starting Update UTMP about System Boot/Shutdown...
[[0;32m  OK  [0m] Started Update UTMP about System Boot/Shutdown.
[[0;32m  OK  [0m] Started udev Kernel Device Manager.
[[0;32m  OK  [0m] Started udev Coldplug all Devices.
[[0;32m  OK  [0m] Started Dispatch Password Requests to Console Directory Watch.
[[0;32m  OK  [0m] Found device /dev/ttyS0.
[[0;32m  OK  [0m] Listening on Load/Save RF Kill Switch Status /dev/rfkill Watch.
[[0;32m  OK  [0m] Started LSB: AppArmor initialization.
[   21.102620] cloud-init[446]: Cloud-init v. 19.1-1-gbaa47854-0ubuntu1~16.04.1 running 'init-local' at Thu, 22 Aug 2019 16:55:22 +0000. Up 19.42 seconds.
[[0;32m  OK  [0m] Started Initial cloud-init job (pre-networking).
[[0;32m  OK  [0m] Reached target Network (Pre).
         Starting Raise network interfaces...
[[0;32m  OK  [0m] Started Set console font and keymap.
[[0;32m  OK  [0m] Created slice system-getty.slice.
[[0;32m  OK  [0m] Started Raise network interfaces.
         Starting Initial cloud-init job (metadata service crawler)...
[[0;32m  OK  [0m] Reached target Network.
[   27.069614] cloud-init[941]: Cloud-init v. 19.1-1-gbaa47854-0ubuntu1~16.04.1 running 'init' at Thu, 22 Aug 2019 16:55:27 +0000. Up 24.36 seconds.
[   27.076650] cloud-init[941]: ci-info: ++++++++++++++++++++++++++++++++++++++Net device info++++++++++++++++++++++++++++++++++++++
[   27.087056] cloud-init[941]: ci-info: +--------+------+----------------------------+---------------+--------+-------------------+
[   27.092473] cloud-init[941]: ci-info: | Device |  Up  |          Address           |      Mask     | Scope  |     Hw-Address    |
[   27.100124] cloud-init[941]: ci-info: +--------+------+----------------------------+---------------+--------+-------------------+
[   27.110890] cloud-init[941]: ci-info: | enp0s3 | True |         10.0.2.15          | 255.255.255.0 | global | 02:1e:e5:6d:71:21 |
[   27.116266] cloud-init[941]: ci-info: | enp0s3 | True | fe80::1e:e5ff:fe6d:7121/64 |       .       |  link  | 02:1e:e5:6d:71:21 |
[   27.120981] cloud-init[941]: ci-info: |   lo   | True |         127.0.0.1          |   255.0.0.0   |  host  |         .         |
[   27.128378] cloud-init[941]: ci-info: |   lo   | True |          ::1/128           |       .       |  host  |         .         |
[   27.131578] cloud-init[941]: ci-info: +--------+------+----------------------------+---------------+--------+-------------------+
[   27.138137] cloud-init[941]: ci-info: +++++++++++++++++++++++++++Route IPv4 info++++++++++++++++++++++++++++
[   27.144356] cloud-init[941]: ci-info: +-------+-------------+----------+---------------+-----------+-------+
[   27.152646] cloud-init[941]: ci-info: | Route | Destination | Gateway  |    Genmask    | Interface | Flags |
[   27.160147] cloud-init[941]: ci-info: +-------+-------------+----------+---------------+-----------+-------+
[   27.164193] cloud-init[941]: ci-info: |   0   |   0.0.0.0   | 10.0.2.2 |    0.0.0.0    |   enp0s3  |   UG  |
[   27.171912] cloud-init[941]: ci-info: |   1   |   10.0.2.0  | 0.0.0.0  | 255.255.255.0 |   enp0s3  |   U   |
[   27.177108] cloud-init[941]: ci-info: +-------+-------------+----------+---------------+-----------+-------+
[   27.180109] cloud-init[941]: ci-info: +++++++++++++++++++Route IPv6 info+++++++++++++++++++
[   27.186082] cloud-init[941]: ci-info: +-------+-------------+---------+-----------+-------+
[   27.189917] cloud-init[941]: ci-info: | Route | Destination | Gateway | Interface | Flags |
[   27.209102] cloud-init[941]: ci-info: +-------+-------------+---------+-----------+-------+
[   27.212971] cloud-init[941]: ci-info: |   0   |  fe80::/64  |    ::   |   enp0s3  |   U   |
[   27.215725] cloud-init[941]: ci-info: |   4   |   ff00::/8  |    ::   |   enp0s3  |   U   |
[   27.225009] cloud-init[941]: ci-info: +-------+-------------+---------+-----------+-------+
[   27.236488] cloud-init[941]: Generating public/private rsa key pair.
[   27.241107] cloud-init[941]: Your identification has been saved in /etc/ssh/ssh_host_rsa_key.
[   27.245766] cloud-init[941]: Your public key has been saved in /etc/ssh/ssh_host_rsa_key.pub.
[   27.249564] cloud-init[941]: The key fingerprint is:
[   27.252901] cloud-init[941]: SHA256:zxhDPgpKMbYJjC4R+j4cuuc0B4vu9iR/+Y13ok1A9bs root@ubuntu-xenial
[   27.260005] cloud-init[941]: The key's randomart image is:
[   27.263344] cloud-init[941]: +---[RSA 2048]----+
[   27.266615] cloud-init[941]: |.        .       |
[   27.273063] cloud-init[941]: |+.      . .      |
[   27.278559] cloud-init[941]: |=.+    ..  .     |
[   27.281517] cloud-init[941]: |.= =  .o    .    |
[   27.287033] cloud-init[941]: |..B .  .S  .     |
[   27.293670] cloud-init[941]: |.* = . ..B  .    |
[   27.297202] cloud-init[941]: |o.O.. o ..oE     |
[[0;32m  OK  [0m] Started Initial cloud-init job (metadata service crawler).
[[0;32m  OK  [0m] Reached target Cloud-config availability.
[[0;32m  OK  [0m] Reached target Network is Online.
[   27.311396] cloud-init[941]: |.+=+ o  =o .     |
[   27.336982] cloud-init[941]: |+=oo. .+ooo      |
[   27.340872] cloud-init[941]: +----[SHA256]-----+
[   27.346911] cloud-init[941]: Generating public/private dsa key pair.
[   27.372832]          cloud-initStarting iSCSI initiator daemon (iscsid)...[941]: 
Your identification has been saved in /etc/ssh/ssh_host_dsa_key.
[   27.384076] [[0;32m  OK  [0m] Reached target System Initialization.
cloud-init[941]: Your public key has been saved in /etc/ssh/ssh_host_dsa_key.pub.         
Starting Socket activation for snappy daemon.
[   27.387733] cloud-init[941]: The key fingerprint is:
[   27.411872] [[0;32m  OK  [0m] Listening on UUID daemon activation socket.
cloud-init[941]: SHA256:QJrrwhCttx6OGP7Hl+z/7O6vUqA8eSKSn2IAD+THueM root@ubuntu-xenial
[   27.418292] cloud-init[941]: The key's randomart image is:
[   27.420505] cloud-init[941]: +---[DSA 1024]----+
[   27.442468]          cloud-initStarting LXD - unix socket.[941]: 
|      .          |
[   27.446742] cloud-init[941]: | o   +           |
[   27.454004] cloud-init[941]: |+ o + .          |
[   27.455983] cloud-init[941]: |o+ + . . .       |
[   27.465188] cloud-init[941]: |+oo + . S .      |
[[0;32m  OK  [0m] Started ACPI Events Check.
[[0;32m  OK  [0m] Reached target Paths.
[[0;32m  OK  [0m] Started Daily apt download activities.
[   27.474126] cloud-init[941]: | =.B . * . .     |
[   27.500585] cloud-init[941]: |. B * + = .      |
[   27.501124] cloud-init[941]: |o= E = + ..      |
[[0;32m  OK  [0m] Started Daily apt upgrade and clean activities.
[   27.501959] cloud-init[941]: |o.=.o o...*Bo.   |
[[0;32m  OK  [0m] Listening on D-Bus System Message Bus Socket.
[   27.507635] cloud-init[941]: +----[SHA256]-----+
[[0;32m  OK  [0m] Listening on ACPID Listen Socket.
[   27.510912] cloud-init[941]: Generating public/private ecdsa key pair.
[[0;32m  OK  [0m] Started Daily Cleanup of Temporary Directories.
[   27.520120] cloud-init[941]: Your identification has been saved in /etc/ssh/ssh_host_ecdsa_key.
[[0;32m  OK  [0m] Reached target Timers.
[   27.523897] cloud-init[941]: Your public key has been saved in /etc/ssh/ssh_host_ecdsa_key.pub.
[   27.528456] cloud-init[941]: The key fingerprint is:
[   27.530070] cloud-init[941]: SHA256:pj8DQRogfLWPNU0q7ZCna4sNxYpAfWgDmCT1u/5aXF4 root@ubuntu-xenial
[   27.540830] cloud-init[941]: The key's randomart image is:
[   27.545213] cloud-init[941]: +---[ECDSA 256]---+
[   27.548135] cloud-init[941]: |*=o...   .       |
[   27.551995] cloud-init[941]: |+oooo = +        |
[   27.555944] cloud-init[941]: | ..=.X * .       |
[   27.559806] cloud-init[941]: |. . =.@ .        |
[   27.571056] cloud-init[941]: |.   .= +S E      |
[   27.581715] cloud-init[941]: |. . ooo= .       |
[   27.583726] cloud-init[941]: | . o.o+..        |
[[   27.597532] cloud-init[941]: |   .=...o        |
[   27.598204] cloud-init[941]: |   .o=. .o       |
[0;32m  OK  [0m] Listening on Socket activation for snappy daemon.
[   27.599433] cloud-init[941]: +----[SHA256]-----+
[[0;32m  OK  [0m[   27.613791] ] cloud-initListening on LXD - unix socket.[941]: 
Generating public/private ed25519 key pair.
[[   27.619877] cloud-init[941]: Your identification has been saved in /etc/ssh/ssh_host_ed25519_key.
[0;32m  OK  [0m] Started iSCSI initiator daemon (iscsid).
[   27.620821] cloud-init[941]: Your public key has been saved in /etc/ssh/ssh_host_ed25519_key.pub.
[   27.628731] cloud-init[941]: The key fingerprint is:
[   27.632116] cloud-init[941]: SHA256:CIeZo/tDMaApXfpqFf7xkESHlwy/CuS2UUPzk4OW4zM root@ubuntu-xenial
[   27.636441] cloud-init[941]: The key's randomart image is:
[   27.645220] cloud-init[941]: +--[ED25519 256]--+
[   27.664988] cloud-init[941]: |      ++ .       |
[   27.674918] cloud-init[941]: |  . .=o*=.       |
[   27.676938] cloud-init[941]: | + +B.Oo*        |
[   27.678911] cloud-init[941]: |+ o++B.+ +       |
[   27.680943] cloud-init[941]: |. .o==E.S        |
[   27.682920] cloud-init[941]:          Starting Login to default iSCSI targets...
[[0;32m  OK  [0m] Reached target Sockets.
[[0;32m  OK  [0m] Reached target Basic System.
|   o=+++         |
[   27.734989] cloud-init[941]: |  .+...+         |
         Starting LSB: MD monitoring daemon...
[   27.735620] cloud-init[941]: |  o.. . .        |
[[0;32m  OK  [0m] Started FUSE filesystem for LXC.
[   27.771124] cloud-init[941]: | .  ..           |
[   27.846431] cloud-init[941]: +----[SHA256]-----+
         Starting Login Service...
[[0;32m  OK  [0m] Started Deferred execution scheduler.
         Starting System Logging Service...
         Starting /etc/rc.local Compatibility...
[[0;32m  OK  [0m] Started ACPI event daemon.
[[0;32m  OK  [0m] Started D-Bus System Message Bus.
         Starting Pollinate to seed the pseudo random number generator...
[[0;32m  OK  [0m] Started Regular background program processing daemon.
         Starting LXD - container startup/shutdown...
         Starting Accounts Service...
         Starting Virtualbox guest utils...
         Starting LSB: Record successful boot for GRUB...
         Starting Snappy daemon...
[[0;32m  OK  [0m] Started System Logging Service.
[[0;32m  OK  [0m] Started /etc/rc.local Compatibility.
[[0;32m  OK  [0m] Started Login Service.
[[0;32m  OK  [0m] Started Unattended Upgrades Shutdown.
[[0;32m  OK  [0m] Started Login to default iSCSI targets.
[[0;32m  OK  [0m] Reached target Remote File Systems (Pre).
[[0;32m  OK  [0m] Reached target Remote File Systems.
         Starting Permit User Sessions...
         Starting LSB: automatic crash report generation...
         Starting LSB: daemon to balance interrupts for SMP systems...
         Starting LSB: Set the CPU Frequency Scaling governor to "ondemand"...
[[0;32m  OK  [0m] Started Permit User Sessions.
[[0;32m  OK  [0m] Started LSB: Record successful boot for GRUB.
         Starting Authenticate and Authorize Users to Run Privileged Tasks...
         Starting Terminate Plymouth Boot Screen...
         Starting Hold until boot process finishes up...
[[0;32m  OK  [0m] Started LSB: MD monitoring daemon.
[[0;32m  OK  [0m] Started Terminate Plymouth Boot Screen.
[[0;32m  OK  [0m] Started Hold until boot process finishes up.
[[0;32m  OK  [0m] Started Serial Getty on ttyS0.
[[0;32m  OK  [0m] Started Getty on tty1.
[[0;32m  OK  [0m] Reached target Login Prompts.
         Starting Set console scheme...
[[0;32m  OK  [0m] Started Authenticate and Authorize Users to Run Privileged Tasks.
[[0;32m  OK  [0m] Started Set console scheme.
[[0;32m  OK  [0m] Started LSB: daemon to balance interrupts for SMP systems.
[[0;32m  OK  [0m] Started Accounts Service.
[[0;32m  OK  [0m] Started LSB: Set the CPU Frequency Scaling governor to "ondemand".
[[0;32m  OK  [0m] Started LXD - container startup/shutdown.
[[0;32m  OK  [0m] Started LSB: automatic crash report generation.
[[0;32m  OK  [0m] Started Virtualbox guest utils.
[[0;32m  OK  [0m] Started Snappy daemon.
         Starting Wait until snapd is fully seeded...
[[0;32m  OK  [0m] Started Pollinate to seed the pseudo random number generator.
         Starting OpenBSD Secure Shell server...
[[0;32m  OK  [0m] Started OpenBSD Secure Shell server.
[[0;32m  OK  [0m] Created slice User Slice of vagrant.
         Starting User Manager for UID 1000...
[[0;32m  OK  [0m] Started Session 1 of user vagrant.
[[0;32m  OK  [0m] Started User Manager for UID 1000.

Ubuntu 16.04.6 LTS ubuntu-xenial ttyS0

ubuntu-xenial login: [   38.864095] cloud-init[1368]: Generating locales (this might take a while)...
[   42.309675] cloud-init[1368]:   en_US.UTF-8... done
[   42.321960] cloud-init[1368]: Generation complete.
[   43.961601] cloud-init[1368]: Cloud-init v. 19.1-1-gbaa47854-0ubuntu1~16.04.1 running 'modules:config' at Thu, 22 Aug 2019 16:55:41 +0000. Up 38.04 seconds.
ci-info: no authorized ssh keys fingerprints found for user ubuntu.
<14>Aug 22 16:55:49 ec2: 
<14>Aug 22 16:55:49 ec2: #############################################################
<14>Aug 22 16:55:49 ec2: -----BEGIN SSH HOST KEY FINGERPRINTS-----
<14>Aug 22 16:55:49 ec2: 1024 SHA256:QJrrwhCttx6OGP7Hl+z/7O6vUqA8eSKSn2IAD+THueM root@ubuntu-xenial (DSA)
<14>Aug 22 16:55:49 ec2: 256 SHA256:pj8DQRogfLWPNU0q7ZCna4sNxYpAfWgDmCT1u/5aXF4 root@ubuntu-xenial (ECDSA)
<14>Aug 22 16:55:49 ec2: 256 SHA256:CIeZo/tDMaApXfpqFf7xkESHlwy/CuS2UUPzk4OW4zM root@ubuntu-xenial (ED25519)
<14>Aug 22 16:55:49 ec2: 2048 SHA256:zxhDPgpKMbYJjC4R+j4cuuc0B4vu9iR/+Y13ok1A9bs root@ubuntu-xenial (RSA)
<14>Aug 22 16:55:49 ec2: -----END SSH HOST KEY FINGERPRINTS-----
<14>Aug 22 16:55:49 ec2: #############################################################
-----BEGIN SSH HOST KEY KEYS-----
ecdsa-sha2-nistp256 AAAAE2VjZHNhLXNoYTItbmlzdHAyNTYAAAAIbmlzdHAyNTYAAABBBL6+QCN7gkspq402nN4kUwdF2pOxwd+lYgb/5dqMUVey1CfibUdyfyIHBtGV38S1j1+mMIAbYEjIKNL1LTbRhSc= root@ubuntu-xenial
ssh-ed25519 AAAAC3NzaC1lZDI1NTE5AAAAIB+ag5V+8zGfNd1R40h1n10PC6eeAeW/Pbj6dyCERVaY root@ubuntu-xenial
ssh-rsa AAAAB3NzaC1yc2EAAAADAQABAAABAQC79qigsPTNUgmPz5WjvwfAqubcrvhvMk8uZ+rBfpH46cwg8TXPBUzR4VAHe4ulFj22rESuqWFubuTw0Z6Pkd+RGju5epCL/3ZQ2tnKXqMJRwKWwffByq72PCSMB7edoFmCJbXU5v0Xm/mrYhM8LpOHJKAXQi1DQU4piGElotZgXbf43iaM2Yn7vavsyrgcCxPrXpk3hxlApJV6xbEXL+Ze2UbYqXo9yNOcsACt95qNP2vGkOZgBsUCL5hZqneQ1fTDSPRAMrOPS9Crqzna+K6Lgv63DcVonHVrGE/12l75UlV3bhrZllXZxE8RtKuAByRMwcfhUUPy8MGpVh80dR9n root@ubuntu-xenial
-----END SSH HOST KEY KEYS-----
[   46.305949] cloud-init[1517]: Cloud-init v. 19.1-1-gbaa47854-0ubuntu1~16.04.1 running 'modules:final' at Thu, 22 Aug 2019 16:55:48 +0000. Up 45.47 seconds.
[   46.306885] cloud-init[1517]: ci-info: no authorized ssh keys fingerprints found for user ubuntu.
[   46.307649] cloud-init[1517]: Cloud-init v. 19.1-1-gbaa47854-0ubuntu1~16.04.1 finished at Thu, 22 Aug 2019 16:55:49 +0000. Datasource DataSourceNoCloud [seed=/dev/sdb][dsmode=net].  Up 46.25 seconds
